// Jest Snapshot v1, https://goo.gl/fbAQLP

exports[`should match snapshot 1`] = `
<button
  data-testid="counter_btn"
  onClick={[Function]}
>
  Click me!!
</button>
`;
